[CommitCash (IdentCC 0) (PubKey {getPubKey = 1}) (Value 450) 10 100 (When (AndObs (PersonChoseSomething (IdentChoice 1) (PubKey {getPubKey = 1})) (OrObs (PersonChoseSomething (IdentChoice 2) (PubKey {getPubKey = 2})) (PersonChoseSomething (IdentChoice 3) (PubKey {getPubKey = 3})))) 90 (Choice (OrObs (AndObs (PersonChoseThis (IdentChoice 1) (PubKey {getPubKey = 1}) 1) (OrObs (PersonChoseThis (IdentChoice 2) (PubKey {getPubKey = 2}) 1) (PersonChoseThis (IdentChoice 3) (PubKey {getPubKey = 3}) 1))) (AndObs (PersonChoseThis (IdentChoice 2) (PubKey {getPubKey = 2}) 1) (PersonChoseThis (IdentChoice 3) (PubKey {getPubKey = 3}) 1))) (Pay (IdentPay 1) (PubKey {getPubKey = 1}) (PubKey {getPubKey = 2}) (Value 450) 100 Null) (RedeemCC (IdentCC 0) Null)) (RedeemCC (IdentCC 0) Null)) Null]